
 gcc -g p4original.c
 gdb a.out
GNU gdb (Ubuntu 8.1.1-0ubuntu1) 8.1.1
Copyright (C) 2018 Free Software Foundation, Inc.
License GPLv3+: GNU GPL version 3 or later <http://gnu.org/licenses/gpl.html>
This is free software: you are free to change and redistribute it.
There is NO WARRANTY, to the extent permitted by law.  Type "show copying"
and "show warranty" for details.
This GDB was configured as "x86_64-linux-gnu".
Type "show configuration" for configuration details.
For bug reporting instructions, please see:
<http://www.gnu.org/software/gdb/bugs/>.
Find the GDB manual and other documentation resources online at:
<http://www.gnu.org/software/gdb/documentation/>.
For help, type "help".
Type "apropos word" to search for commands related to "word"...
Reading symbols from a.out...done.
(gdb) b
No default breakpoint address now.
(gdb) b main
Breakpoint 1 at 0x772: file p4original.c, line 6.
(gdb) r
Starting program: /home/runner/pps-test1-Madhavipothina/a.out 
warning: Error disabling address space randomization: Operation not permitted

Breakpoint 1, main () at p4original.c:6
6     printf("enter 3 numbers \n");
(gdb) n
enter 3 numbers 
8     a=input ();
(gdb) n
2
9    b=input ();
(gdb) n
3
10   c=input ();
(gdb) n
4
11   l=cmp(a,b,c);
(gdb) n
12   printf("the greatest of %d ,%d and %d , %d\n ", a,b,c,l);
(gdb) n
the greatest of 2 ,3 and 4 , 4
13   return 0;
(gdb) n
14  } 
(gdb) n
__libc_start_main (main=0x559bcea0076a <main>, argc=1, argv=0x7ffdb1ed31f8, 
    init=<optimized out>, fini=<optimized out>, rtld_fini=<optimized out>, 
    stack_end=0x7ffdb1ed31e8) at ../csu/libc-start.c:344
344 ../csu/libc-start.c: No such file or directory.
(gdb) n
 [Inferior 1 (process 93) exited normally]
(gdb) n
The program is not being run.
(gdb) q
 